// Jest Snapshot v1, https://goo.gl/fbAQLP

exports[`Modal component 1`] = `
Object {
  "asFragment": [Function],
  "baseElement": <body>
    <div>
      <div
        class="modal-overlay"
        data-testid="modal-overlay"
      >
        <div
          class="modal-container"
        >
          <button
            class="modal-close"
            data-testid="close-modal-btn"
          >
            <svg
              aria-hidden="true"
              class="svg-inline--fa fa-times-circle fa-w-16 fa-lg "
              data-icon="times-circle"
              data-prefix="fas"
              focusable="false"
              role="img"
              viewBox="0 0 512 512"
              xmlns="http://www.w3.org/2000/svg"
            >
              <path
                d="M256 8C119 8 8 119 8 256s111 248 248 248 248-111 248-248S393 8 256 8zm121.6 313.1c4.7 4.7 4.7 12.3 0 17L338 377.6c-4.7 4.7-12.3 4.7-17 0L256 312l-65.1 65.6c-4.7 4.7-12.3 4.7-17 0L134.4 338c-4.7-4.7-4.7-12.3 0-17l65.6-65-65.6-65.1c-4.7-4.7-4.7-12.3 0-17l39.6-39.6c4.7-4.7 12.3-4.7 17 0l65 65.7 65.1-65.6c4.7-4.7 12.3-4.7 17 0l39.6 39.6c4.7 4.7 4.7 12.3 0 17L312 256l65.6 65.1z"
                fill="currentColor"
              />
            </svg>
          </button>
          <h2
            class="modal-title"
          >
            Edit Recipe
          </h2>
          <form>
            <div>
              <label>
                Recipe Name*:
              </label>
              <input
                class=""
                name="name"
                type="text"
                value="test recipe"
              />
            </div>
            <div>
              <label>
                Ingredients*:
              </label>
              <input
                class=""
                name="ingredients"
                type="text"
                value="test ingredients"
              />
            </div>
            <div>
              <label>
                Directions:
              </label>
              <textarea
                name="directions"
                rows="5"
              />
            </div>
            <input
              class="btn"
              data-testid="submit-form-btn"
              type="submit"
              value="Save Recipe"
            />
          </form>
        </div>
      </div>
    </div>
  </body>,
  "container": <div>
    <div
      class="modal-overlay"
      data-testid="modal-overlay"
    >
      <div
        class="modal-container"
      >
        <button
          class="modal-close"
          data-testid="close-modal-btn"
        >
          <svg
            aria-hidden="true"
            class="svg-inline--fa fa-times-circle fa-w-16 fa-lg "
            data-icon="times-circle"
            data-prefix="fas"
            focusable="false"
            role="img"
            viewBox="0 0 512 512"
            xmlns="http://www.w3.org/2000/svg"
          >
            <path
              d="M256 8C119 8 8 119 8 256s111 248 248 248 248-111 248-248S393 8 256 8zm121.6 313.1c4.7 4.7 4.7 12.3 0 17L338 377.6c-4.7 4.7-12.3 4.7-17 0L256 312l-65.1 65.6c-4.7 4.7-12.3 4.7-17 0L134.4 338c-4.7-4.7-4.7-12.3 0-17l65.6-65-65.6-65.1c-4.7-4.7-4.7-12.3 0-17l39.6-39.6c4.7-4.7 12.3-4.7 17 0l65 65.7 65.1-65.6c4.7-4.7 12.3-4.7 17 0l39.6 39.6c4.7 4.7 4.7 12.3 0 17L312 256l65.6 65.1z"
              fill="currentColor"
            />
          </svg>
        </button>
        <h2
          class="modal-title"
        >
          Edit Recipe
        </h2>
        <form>
          <div>
            <label>
              Recipe Name*:
            </label>
            <input
              class=""
              name="name"
              type="text"
              value="test recipe"
            />
          </div>
          <div>
            <label>
              Ingredients*:
            </label>
            <input
              class=""
              name="ingredients"
              type="text"
              value="test ingredients"
            />
          </div>
          <div>
            <label>
              Directions:
            </label>
            <textarea
              name="directions"
              rows="5"
            />
          </div>
          <input
            class="btn"
            data-testid="submit-form-btn"
            type="submit"
            value="Save Recipe"
          />
        </form>
      </div>
    </div>
  </div>,
  "debug": [Function],
  "findAllByAltText": [Function],
  "findAllByDisplayValue": [Function],
  "findAllByLabelText": [Function],
  "findAllByPlaceholderText": [Function],
  "findAllByRole": [Function],
  "findAllByTestId": [Function],
  "findAllByText": [Function],
  "findAllByTitle": [Function],
  "findByAltText": [Function],
  "findByDisplayValue": [Function],
  "findByLabelText": [Function],
  "findByPlaceholderText": [Function],
  "findByRole": [Function],
  "findByTestId": [Function],
  "findByText": [Function],
  "findByTitle": [Function],
  "getAllByAltText": [Function],
  "getAllByDisplayValue": [Function],
  "getAllByLabelText": [Function],
  "getAllByPlaceholderText": [Function],
  "getAllByRole": [Function],
  "getAllByTestId": [Function],
  "getAllByText": [Function],
  "getAllByTitle": [Function],
  "getByAltText": [Function],
  "getByDisplayValue": [Function],
  "getByLabelText": [Function],
  "getByPlaceholderText": [Function],
  "getByRole": [Function],
  "getByTestId": [Function],
  "getByText": [Function],
  "getByTitle": [Function],
  "queryAllByAltText": [Function],
  "queryAllByDisplayValue": [Function],
  "queryAllByLabelText": [Function],
  "queryAllByPlaceholderText": [Function],
  "queryAllByRole": [Function],
  "queryAllByTestId": [Function],
  "queryAllByText": [Function],
  "queryAllByTitle": [Function],
  "queryByAltText": [Function],
  "queryByDisplayValue": [Function],
  "queryByLabelText": [Function],
  "queryByPlaceholderText": [Function],
  "queryByRole": [Function],
  "queryByTestId": [Function],
  "queryByText": [Function],
  "queryByTitle": [Function],
  "rerender": [Function],
  "unmount": [Function],
}
`;
