// Jest Snapshot v1, https://goo.gl/fbAQLP

exports[`Form component 1`] = `
Object {
  "asFragment": [Function],
  "baseElement": <body>
    <div>
      <form>
        <div>
          <label>
            Recipe Name*:
          </label>
          <input
            class=""
            name="name"
            type="text"
            value="test recipe"
          />
        </div>
        <div>
          <label>
            Ingredients*:
          </label>
          <input
            class=""
            name="ingredients"
            type="text"
            value="test ingredients"
          />
        </div>
        <div>
          <label>
            Directions:
          </label>
          <textarea
            name="directions"
            rows="5"
          />
        </div>
        <input
          class="btn"
          data-testid="submit-form-btn"
          type="submit"
          value="Save Recipe"
        />
      </form>
    </div>
  </body>,
  "container": <div>
    <form>
      <div>
        <label>
          Recipe Name*:
        </label>
        <input
          class=""
          name="name"
          type="text"
          value="test recipe"
        />
      </div>
      <div>
        <label>
          Ingredients*:
        </label>
        <input
          class=""
          name="ingredients"
          type="text"
          value="test ingredients"
        />
      </div>
      <div>
        <label>
          Directions:
        </label>
        <textarea
          name="directions"
          rows="5"
        />
      </div>
      <input
        class="btn"
        data-testid="submit-form-btn"
        type="submit"
        value="Save Recipe"
      />
    </form>
  </div>,
  "debug": [Function],
  "findAllByAltText": [Function],
  "findAllByDisplayValue": [Function],
  "findAllByLabelText": [Function],
  "findAllByPlaceholderText": [Function],
  "findAllByRole": [Function],
  "findAllByTestId": [Function],
  "findAllByText": [Function],
  "findAllByTitle": [Function],
  "findByAltText": [Function],
  "findByDisplayValue": [Function],
  "findByLabelText": [Function],
  "findByPlaceholderText": [Function],
  "findByRole": [Function],
  "findByTestId": [Function],
  "findByText": [Function],
  "findByTitle": [Function],
  "getAllByAltText": [Function],
  "getAllByDisplayValue": [Function],
  "getAllByLabelText": [Function],
  "getAllByPlaceholderText": [Function],
  "getAllByRole": [Function],
  "getAllByTestId": [Function],
  "getAllByText": [Function],
  "getAllByTitle": [Function],
  "getByAltText": [Function],
  "getByDisplayValue": [Function],
  "getByLabelText": [Function],
  "getByPlaceholderText": [Function],
  "getByRole": [Function],
  "getByTestId": [Function],
  "getByText": [Function],
  "getByTitle": [Function],
  "queryAllByAltText": [Function],
  "queryAllByDisplayValue": [Function],
  "queryAllByLabelText": [Function],
  "queryAllByPlaceholderText": [Function],
  "queryAllByRole": [Function],
  "queryAllByTestId": [Function],
  "queryAllByText": [Function],
  "queryAllByTitle": [Function],
  "queryByAltText": [Function],
  "queryByDisplayValue": [Function],
  "queryByLabelText": [Function],
  "queryByPlaceholderText": [Function],
  "queryByRole": [Function],
  "queryByTestId": [Function],
  "queryByText": [Function],
  "queryByTitle": [Function],
  "rerender": [Function],
  "unmount": [Function],
}
`;
